--- a/case.py
+++ b/case.py
@@ -1,5 +1,6 @@
 def func1(param1):
-    """Description
+    """
+    Description
 
     :param param1: 
     :type param1: str
@@ -10,13 +11,12 @@
 
 
 def func2(param1):
-    """Description
+    """
+    Description
 
-    Args:
-      param1(str): 
-
-    Returns:
-      the return value
+    :param param1: 
+    :type param1: str
+    :returns: the return value
 
     """
     pass
