--- a/case.py
+++ b/case.py
@@ -1,10 +1,36 @@
 def calculate_total_sum(a, b):
+    """Calculate total sum
+
+    Args:
+        a: 
+        b: 
+
+    Returns:
+
+    Raises:
+
+    """
     return a + b
 
 def process_user_data(user_id, user_name):
+    """Process user data
+
+    Args:
+        user_id: 
+        user_name: 
+
+    Returns:
+
+    Raises:
+
+    """
     pass
 
 class UserAccountManager:
+    """ UserAccountManager """
     def __init__(self):
+        """Initialize
+
+        """
         pass
 
