--- a/case.py
+++ b/case.py
@@ -1,17 +1,22 @@
 def foo():
+    """Foo"""
     __doc__ = """\
     Foo"""
 
 
 def bar(param):
-    r"""this is a docstring
+    """
+    this is a docstring
+
+    @param param:
+
     """
 
 
 def foobar():
-    u"""this is a docstring
-    """
+    """this is a docstring"""
 
 
 def no_docs():
+    """No docs"""
     something = '''bla bla bla'''
