--- a/case.py
+++ b/case.py
@@ -1,109 +1,169 @@
 def func(a, b):
-    """desc
-
-    :param a: 
-    :param b: 
-
+    """
+    desc
+    
+    Args:
+        a:
+        b:
+    
+    Returns:
+    
+    Raises:
+    
     """
     pass
 
 def func(a, b):
-    """desc
-
-    :param a: 
-    :type a: 
-    :param b: 
-    :type b: 
-
+    """
+    desc
+    
+    Args:
+        a:
+        b:
+    
+    Returns:
+    
+    Raises:
+    
     """
     pass
 
 def func(a, b):
-    """desc
-
-    :param a: 
-    :type a: str
-    :param b: 
-    :type b: str
-
+    """
+    desc
+    
+    Args:
+        a (str):
+        b (str):
+    
+    Returns:
+    
+    Raises:
+    
     """
     pass
 
 def func(a, b):
-    """desc
-
-    :param a: 
-    :type a: str
-    :param b: 
-    :type b: 
-
+    """
+    desc
+    
+    Args:
+        a (str):
+        b:
+    
+    Returns:
+    
+    Raises:
+    
     """
     pass
 
 def func(a, b):
-    """desc
-
-    :param a: desc a
-    :param b: 
-
+    """
+    desc
+    
+    Args:
+        a: desc a
+        b:
+    
+    Returns:
+    
+    Raises:
+    
     """
     pass
 
 def func(a, b):
-    """desc
-
-    :param b: 
-    :param a: desc a
-
+    """
+    desc
+    
+    Args:
+        a: desc a
+        b:
+    
+    Returns:
+    
+    Raises:
+    
     """
     pass
 
 def func(a, b):
-    """desc
-
-    :param a: 
-    :param b: desc b
-
+    """
+    desc
+    
+    Args:
+        a:
+        b: desc b
+    
+    Returns:
+    
+    Raises:
+    
     """
     pass
 
 def func(a, b, c):
-    """desc
-
-    :param a: 
-    :param b: 
-    :param c: 
-
+    """
+    desc
+    
+    Args:
+        a:
+        b:
+        c:
+    
+    Returns:
+    
+    Raises:
+    
     """
     pass
 
 def func(a, b, c):
-    """desc
-
-    :param a: 
-    :param b: desc b
-    :param c: 
-
+    """
+    desc
+    
+    Args:
+        a:
+        b: desc b
+        c:
+    
+    Returns:
+    
+    Raises:
+    
     """
     pass
 
 def func(a, b, c):
-    """desc
-
-    :param a: desc a
-    :param b: 
-    :param c: 
-
+    """
+    desc
+    
+    Args:
+        a: desc a
+        b:
+        c:
+    
+    Returns:
+    
+    Raises:
+    
     """
     pass
 
 def func(a, b, c):
-    """desc
-
-    :param a: desc a
-    :param b: 
-    :param c: desc c
-
+    """
+    desc
+    
+    Args:
+        a: desc a
+        b:
+        c: desc c
+    
+    Returns:
+    
+    Raises:
+    
     """
     pass
 
