--- a/case.py
+++ b/case.py
@@ -1,108 +1,194 @@
 def func(a, b):
-    """desc
+    """
+    desc
 
-    :param a: 
-    :param b: 
+    Parameters
+    ----------
+    a :
+        
+    b :
+        
+
+    Returns
+    -------
 
     """
     pass
 
 def func(a, b):
-    """desc
+    """
+    desc
 
-    :param a: 
-    :type a: 
-    :param b: 
-    :type b: 
+    Parameters
+    ----------
+    a :
+        
+    b :
+        
+
+    Returns
+    -------
 
     """
     pass
 
 def func(a, b):
-    """desc
+    """
+    desc
 
-    :param a: 
-    :type a: str
-    :param b: 
-    :type b: str
+    Parameters
+    ----------
+    a : str
+        
+    b : str
+        
+
+    Returns
+    -------
 
     """
     pass
 
 def func(a, b):
-    """desc
+    """
+    desc
 
-    :param a: 
-    :type a: str
-    :param b: 
-    :type b: 
+    Parameters
+    ----------
+    a : str
+        
+    b :
+        
+
+    Returns
+    -------
 
     """
     pass
 
 def func(a, b):
-    """desc
+    """
+    desc
 
-    :param a: desc a
-    :param b: 
+    Parameters
+    ----------
+    a :
+        desc a
+    b :
+        
+
+    Returns
+    -------
 
     """
     pass
 
 def func(a, b):
-    """desc
+    """
+    desc
 
-    :param b: 
-    :param a: desc a
+    Parameters
+    ----------
+    a :
+        desc a
+    b :
+        
+
+    Returns
+    -------
 
     """
     pass
 
 def func(a, b):
-    """desc
+    """
+    desc
 
-    :param a: 
-    :param b: desc b
+    Parameters
+    ----------
+    a :
+        
+    b :
+        desc b
+
+    Returns
+    -------
 
     """
     pass
 
 def func(a, b, c):
-    """desc
+    """
+    desc
 
-    :param a: 
-    :param b: 
-    :param c: 
+    Parameters
+    ----------
+    a :
+        
+    b :
+        
+    c :
+        
+
+    Returns
+    -------
 
     """
     pass
 
 def func(a, b, c):
-    """desc
+    """
+    desc
 
-    :param a: 
-    :param b: desc b
-    :param c: 
+    Parameters
+    ----------
+    a :
+        
+    b :
+        desc b
+    c :
+        
+
+    Returns
+    -------
 
     """
     pass
 
 def func(a, b, c):
-    """desc
+    """
+    desc
 
-    :param a: desc a
-    :param b: 
-    :param c: 
+    Parameters
+    ----------
+    a :
+        desc a
+    b :
+        
+    c :
+        
+
+    Returns
+    -------
 
     """
     pass
 
 def func(a, b, c):
-    """desc
+    """
+    desc
 
-    :param a: desc a
-    :param b: 
-    :param c: desc c
+    Parameters
+    ----------
+    a :
+        desc a
+    b :
+        
+    c :
+        desc c
+
+    Returns
+    -------
 
     """
     pass
