--- a/case.py
+++ b/case.py
@@ -1,5 +1,6 @@
 def func(a, b):
-    """desc
+    """
+    desc
 
     :param a: 
     :param b: 
@@ -8,18 +9,18 @@
     pass
 
 def func(a, b):
-    """desc
+    """
+    desc
 
     :param a: 
-    :type a: 
     :param b: 
-    :type b: 
 
     """
     pass
 
 def func(a, b):
-    """desc
+    """
+    desc
 
     :param a: 
     :type a: str
@@ -30,18 +31,19 @@
     pass
 
 def func(a, b):
-    """desc
+    """
+    desc
 
     :param a: 
     :type a: str
     :param b: 
-    :type b: 
 
     """
     pass
 
 def func(a, b):
-    """desc
+    """
+    desc
 
     :param a: desc a
     :param b: 
@@ -50,16 +52,18 @@
     pass
 
 def func(a, b):
-    """desc
+    """
+    desc
 
+    :param a: desc a
     :param b: 
-    :param a: desc a
 
     """
     pass
 
 def func(a, b):
-    """desc
+    """
+    desc
 
     :param a: 
     :param b: desc b
@@ -68,7 +72,8 @@
     pass
 
 def func(a, b, c):
-    """desc
+    """
+    desc
 
     :param a: 
     :param b: 
@@ -78,7 +83,8 @@
     pass
 
 def func(a, b, c):
-    """desc
+    """
+    desc
 
     :param a: 
     :param b: desc b
@@ -88,7 +94,8 @@
     pass
 
 def func(a, b, c):
-    """desc
+    """
+    desc
 
     :param a: desc a
     :param b: 
@@ -98,7 +105,8 @@
     pass
 
 def func(a, b, c):
-    """desc
+    """
+    desc
 
     :param a: desc a
     :param b: 
