--- a/case.py
+++ b/case.py
@@ -1,108 +1,116 @@
 def func(a, b):
-    """desc
+    """
+    desc
 
-    :param a: 
-    :param b: 
+    @param a: 
+    @param b: 
 
     """
     pass
 
 def func(a, b):
-    """desc
+    """
+    desc
 
-    :param a: 
-    :type a: 
-    :param b: 
-    :type b: 
+    @param a: 
+    @param b: 
 
     """
     pass
 
 def func(a, b):
-    """desc
+    """
+    desc
 
-    :param a: 
-    :type a: str
-    :param b: 
-    :type b: str
+    @param a: 
+    @type a: str
+    @param b: 
+    @type b: str
 
     """
     pass
 
 def func(a, b):
-    """desc
+    """
+    desc
 
-    :param a: 
-    :type a: str
-    :param b: 
-    :type b: 
+    @param a: 
+    @type a: str
+    @param b: 
 
     """
     pass
 
 def func(a, b):
-    """desc
+    """
+    desc
 
-    :param a: desc a
-    :param b: 
+    @param a: desc a
+    @param b: 
 
     """
     pass
 
 def func(a, b):
-    """desc
+    """
+    desc
 
-    :param b: 
-    :param a: desc a
+    @param a: desc a
+    @param b: 
 
     """
     pass
 
 def func(a, b):
-    """desc
+    """
+    desc
 
-    :param a: 
-    :param b: desc b
+    @param a: 
+    @param b: desc b
 
     """
     pass
 
 def func(a, b, c):
-    """desc
+    """
+    desc
 
-    :param a: 
-    :param b: 
-    :param c: 
+    @param a: 
+    @param b: 
+    @param c: 
 
     """
     pass
 
 def func(a, b, c):
-    """desc
+    """
+    desc
 
-    :param a: 
-    :param b: desc b
-    :param c: 
+    @param a: 
+    @param b: desc b
+    @param c: 
 
     """
     pass
 
 def func(a, b, c):
-    """desc
+    """
+    desc
 
-    :param a: desc a
-    :param b: 
-    :param c: 
+    @param a: desc a
+    @param b: 
+    @param c: 
 
     """
     pass
 
 def func(a, b, c):
-    """desc
+    """
+    desc
 
-    :param a: desc a
-    :param b: 
-    :param c: desc c
+    @param a: desc a
+    @param b: 
+    @param c: desc c
 
     """
     pass
