--- a/case.py
+++ b/case.py
@@ -1,29 +1,25 @@
 def func1(param1):
-    """Function 1
+    """
+    Function 1
     with 1 param
 
-    Args:
-        param1 (type): 1st parameter
-
-    Returns:
-        None
-
+    :param param1: type
+    :returns: None
+    
     Raises:
-        Exception: an exception
 
     """
     return None
 
 
 def func2(param1, param2):
-    """Function 2
+    """
+    Function 2
     with 2 params
 
-    Args:
-        param1 (type): 1st parameter
-        param2: 2nd parameter
-
-    Returns:
+    :param param1: 1st parameter
+    :type param1: type
+    :param param2: 2nd parameter
 
     """
     pass
