--- a/case.py
+++ b/case.py
@@ -2,14 +2,17 @@
     """Function 1
     with 1 param
 
-    Args:
-        param1: type
+    Parameters
+    ----------
+    param1 :
+        type
 
-    Returns:
+    Returns
+    -------
+    type
         None
 
-    Raises:
-        Exception: an exception
+        Raises:
 
     """
     return None
@@ -19,11 +22,15 @@
     """Function 2
     with 2 params
 
-    Args:
-        param1: type
-        param2: 2nd parameter
+    Parameters
+    ----------
+    param1 :
+        type
+    param2 :
+        2nd parameter
 
-    Returns:
+    Returns
+    -------
 
     """
     pass
