--- a/case.py
+++ b/case.py
@@ -2,14 +2,10 @@
     """Function 1
     with 1 param
 
-    Args:
-        param1: type
-
-    Returns:
-        None
+    :param param1: type
+    :returns: None
 
     Raises:
-        Exception: an exception
 
     """
     return None
@@ -19,11 +15,8 @@
     """Function 2
     with 2 params
 
-    Args:
-        param1: type
-        param2: 2nd parameter
-
-    Returns:
+    :param param1: type
+    :param param2: 2nd parameter
 
     """
     pass
