--- a/case.py
+++ b/case.py
@@ -1,22 +1,25 @@
 def func1(param1):
-    """Function 1
+    """
+    Function 1
     with 1 param
 
     Args:
-        param1 (type): 1st parameter
+        param1: type
 
     Returns:
         None
+        
+        Raises:
 
     Raises:
-        Exception: an exception
 
     """
     return None
 
 
 def func2(param1, param2):
-    """Function 2
+    """
+    Function 2
     with 2 params
 
     Args:
@@ -25,6 +28,8 @@
 
     Returns:
 
+    Raises:
+
     """
     pass
 
