--- a/case.py
+++ b/case.py
@@ -3,20 +3,14 @@
     Function 1
     with 1 param
 
-    Parameters
-    ----------
-    param1 : type
-        1st parameter
+    Args:
+        param1 (type): 1st parameter
 
-    Returns
-    -------
-    string
-        a message
+    Returns:
+        string: a message
 
-    Raises
-    ------
-    KeyError
-        when a key error
+    Raises:
+        KeyError: when a key error
 
     """
     return "huh"
@@ -27,15 +21,13 @@
     Function 2
     with 2 params
 
-    Parameters
-    ----------
-    param1 : type
-        1st parameter
-    param2 :
-        2nd parameter
+    Args:
+        param1 (type): 1st parameter
+        param2: 2nd parameter
 
-    Returns
-    -------
+    Returns:
+
+    Raises:
 
     """
     pass
