--- a/case.py
+++ b/case.py
@@ -1,10 +1,27 @@
 def func1(param1="""triple double quotes"""):
+    """Func1
+
+    @param param1:  (Default value = 'triple double quotes')
+
+    """
     pass
 
 
 def func2(param1='''triple single quotes'''):
+    """Func2
+
+    @param param1:  (Default value = 'triple single quotes')
+
+    """
     pass
 
 
 def func3(param1="""triple quotes""", param2='''triple single''', param3="normal"):
+    """Func3
+
+    @param param1:  (Default value = 'triple quotes')
+    @param param2:  (Default value = 'triple single')
+    @param param3:  (Default value = "normal")
+
+    """
     pass
