--- a/case.py
+++ b/case.py
@@ -12,12 +12,17 @@
 
 
 def init_test():
-    '''
+    """
     Only working when in WinPython root directory.
-
+    
+    Args:
+    
     Returns:
-    maske, data0, data1, no_motion, motion
-    '''
+        : maske, data0, data1, no_motion, motion
+    
+    Raises:
+    
+    """
     maske = read_mask('./MRR/Testdaten/55_mask.bmp')
     display(maske)
     data0 = read_dicom_set('./MRR/Testdaten/188_13-12-10_56_1',
