--- a/case.py
+++ b/case.py
@@ -1,58 +1,119 @@
 def func(param_file, mask):
     """
-    :param lxml.etree.ElementTree param_file: xml-element tree
+    
+
+    Parameters
+    ----------
+    param_file : lxml.etree.ElementTree
+        xml-element tree
         obtained from the file.
-    :param str mask: Name of mask to be considered.
+    mask : str
+        Name of mask to be considered.
+
+    Returns
+    -------
+
     """
     pass
 
 
 def func2(param1: str, param2):
     """
-    :param str param1: description 1
-    :param str param2: description 2
-    :returns: description return
+    
+
+    Parameters
+    ----------
+    param1 : str
+        description 1
+    param2 : str
+        description 2
+
+    Returns
+    -------
+    type
+        description return
+
     """
     pass
 
 
 def func3(param1: str, param2):
     """
-    :param param1: description 1 is
+    
+
+    Parameters
+    ----------
+    param1 : str
+        description 1 is
         a multiline description
-    :type param1: str
-    :param str param2: description 2
-    :returns: description return
+    param2 : str
+        description 2
+
+    Returns
+    -------
+    type
+        description return
+
     """
     pass
 
 
 def func4(param1, param2):
     """
-    :param param1: description 1
-    :type param1: str
-    :param str param2: description 2
-    :returns: description return
+    
+
+    Parameters
+    ----------
+    param1 : str
+        description 1
+    param2 : str
+        description 2
+
+    Returns
+    -------
+    type
+        description return
+
     """
     pass
 
 
 def func5(param1, param2):
     """
-    :param int param1: description 1
-    :type param1: str
-    :param param2: description 2
-    :returns: description return
+    
+
+    Parameters
+    ----------
+    param1 : int
+        description 1
+    param2 :
+        description 2
+
+    Returns
+    -------
+    type
+        description return
+
     """
     pass
 
 
 def func6(param1: list, param2):
     """
-    :param int param1: description 1
-    :type param1: str
-    :param param2: description 2
-    :returns: description return
+    
+
+    Parameters
+    ----------
+    param1 : list
+        description 1
+    param2 :
+        description 2
+
+    Returns
+    -------
+    type
+        description return
+
     """
     pass
 
